// Jest Snapshot v1, https://goo.gl/fbAQLP

exports[`List entry Default with no JavaScript renders a header component with all our standard links 1`] = `
"<html><head></head><body><div class=\\"app-list-entry\\">
<fieldset class=\\"govuk-fieldset\\">
  <legend class=\\"govuk-fieldset__legend app-list-entry__legend\\">
    What requirements are essential to carry out the work?
  </legend>

    <span id=\\"undefined-hint\\" class=\\"govuk-hint\\">
    Include the technical features of your product, eg graphical workflow, remote access. (Maximum 10 words per feature. Maximum 10 features.)
  </span>

    
    <input class=\\"govuk-input\\" id name type=\\"text\\" aria-describedby=\\"undefined-hint\\">

    
    <input class=\\"govuk-input\\" id name type=\\"text\\" aria-describedby=\\"undefined-hint\\">

    
    <input class=\\"govuk-input\\" id name type=\\"text\\" aria-describedby=\\"undefined-hint\\">

    
    <input class=\\"govuk-input\\" id name type=\\"text\\" aria-describedby=\\"undefined-hint\\">

</fieldset>
</div>--
</body></html>"
`;
